src/modules/AssetManager.tsx(272,91): error TS6133: 'i' is declared but its value is never read.
