src/App.tsx(1,8): error TS6133: 'React' is declared but its value is never read.
src/App.tsx(6,8): error TS2613: Module '"C:/Users/Acer/Videos/Dindigul/dindigul/src/components/ErrorBoundary"' has no default export. Did you mean to use 'import { ErrorBoundary } from "C:/Users/Acer/Videos/Dindigul/dindigul/src/components/ErrorBoundary"' instead?
src/components/Layout.tsx(9,5): error TS6133: 'Users' is declared but its value is never read.
src/components/Layout.tsx(10,5): error TS6133: 'BookOpen' is declared but its value is never read.
src/components/Layout.tsx(16,5): error TS6133: 'Mail' is declared but its value is never read.
src/components/Layout.tsx(18,5): error TS6133: 'Truck' is declared but its value is never read.
